第五天 已经开始忘了 失业的痛苦了

不得不说 我开始 堕落 沉迷于这种 看教学视频不动手敲代码的安逸舒适区了

我习惯看视频 不思考的这种大脑懒惰的舒适区了

一定要好好反思一下自己

能帮助你的只有你自己 把一件件小事 扎扎实实的干下去 哪怕是安装软件


网络


以太网适配器 以太网:

本地链接 
   IPv4 地址  192.168.1.104
   子网掩码   255.255.255.0
   默认网关  192.168.1.1

以太网适配器 VMware Network Adapter VMnet8:
   IPv4 地址  192.168.109.112
   子网掩码   255.255.255.0
   默认网关.  192.168.109.2

虚拟机 
   inet 192.168.109.111  
   netmask 255.255.255.0  
   broadcast 192.168.109.255

   虚拟机是的虚拟网络编辑器
   VMnet8 NAT模式 桥接模式
   子网ip 192.168.109.0  255.255.255.0



   我的疑问 本地虚拟机 是怎么 与外网进行连通的


C:\Users\think>ping 192.168.109.112
正在 Ping 192.168.109.112 具有 32 字节的数据:
来自 192.168.109.112 的回复: 字节=32 时间<1ms TTL=64
来自 192.168.109.112 的回复: 字节=32 时间<1ms TTL=64
来自 192.168.109.112 的回复: 字节=32 时间<1ms TTL=64
192.168.109.112 的 Ping 统计信息:
    数据包: 已发送 = 3，已接收 = 3，丢失 = 0 (0% 丢失)，
往返行程的估计时间(以毫秒为单位):
    最短 = 0ms，最长 = 0ms，平均 = 0ms


C:\Users\think>ping 192.168.109.111
正在 Ping 192.168.109.111 具有 32 字节的数据:
来自 192.168.109.111 的回复: 字节=32 时间<1ms TTL=64
来自 192.168.109.111 的回复: 字节=32 时间<1ms TTL=64
来自 192.168.109.111 的回复: 字节=32 时间<1ms TTL=64
来自 192.168.109.111 的回复: 字节=32 时间<1ms TTL=64
192.168.109.111 的 Ping 统计信息:
    数据包: 已发送 = 4，已接收 = 4，丢失 = 0 (0% 丢失)，
往返行程的估计时间(以毫秒为单位):
    最短 = 0ms，最长 = 0ms，平均 = 0ms

C:\Users\think>tracert 192.168.109.111
通过最多 30 个跃点跟踪
到 bogon [192.168.109.111] 的路由:
 1    <1 毫秒   <1 毫秒   <1 毫秒 bogon [192.168.109.111]
   跟踪完成。


[root@localhost ~]# ifconfig
ifcfg-ens33: flags=4163<UP,BROADCAST,RUNNING,MULTICAST>  mtu 1500
        inet 192.168.109.111  netmask 255.255.255.0  broadcast 192.168.109.255
        inet6 fe80::20c:29ff:fe8b:8fec  prefixlen 64  scopeid 0x20<link>
        ether 00:0c:29:8b:8f:ec  txqueuelen 1000  (Ethernet)
        RX packets 19359  bytes 17158912 (16.3 MiB)
        RX errors 0  dropped 0  overruns 0  frame 0
        TX packets 8717  bytes 1862330 (1.7 MiB)
        TX errors 0  dropped 0 overruns 0  carrier 0  collisions 0

lo: flags=73<UP,LOOPBACK,RUNNING>  mtu 65536
        inet 127.0.0.1  netmask 255.0.0.0
        inet6 ::1  prefixlen 128  scopeid 0x10<host>
        loop  txqueuelen 1000  (Local Loopback)
        RX packets 27  bytes 67889 (66.2 KiB)
        RX errors 0  dropped 0  overruns 0  frame 0
        TX packets 27  bytes 67889 (66.2 KiB)
        TX errors 0  dropped 0 overruns 0  carrier 0  collisions 0


本机 和虚拟机 是两个不同的网段

本机网段是       192.168.1.1
虚拟机的网段是    192.168.109.1


虚拟机里面的linux ping 本地的windos 系统

[root@localhost ~]# ping 192.168.1.104
PING 192.168.1.104 (192.168.1.104) 56(84) bytes of data.
64 bytes from 192.168.1.104: icmp_seq=1 ttl=128 time=0.917 ms
64 bytes from 192.168.1.104: icmp_seq=2 ttl=128 time=0.600 ms
64 bytes from 192.168.1.104: icmp_seq=3 ttl=128 time=0.762 ms
64 bytes from 192.168.1.104: icmp_seq=4 ttl=128 time=0.759 ms
64 bytes from 192.168.1.104: icmp_seq=5 ttl=128 time=0.747 ms
64 bytes from 192.168.1.104: icmp_seq=6 ttl=128 time=0.595 ms
64 bytes from 192.168.1.104: icmp_seq=7 ttl=128 time=0.688 ms
64 bytes from 192.168.1.104: icmp_seq=8 ttl=128 time=0.631 ms
64 bytes from 192.168.1.104: icmp_seq=9 ttl=128 time=0.751 ms
^C
--- 192.168.1.104 ping statistics ---
9 packets transmitted, 9 received, 0% packet loss, time 8006ms
rtt min/avg/max/mdev = 0.595/0.716/0.917/0.100 ms


还是会走 192.168.109 这个网段
[root@localhost ~]# traceroute 192.168.1.104
traceroute to 192.168.1.104 (192.168.1.104), 30 hops max, 60 byte packets
 1  gateway (192.168.109.2)  0.311 ms  0.230 ms  0.102 ms
 2  * * *
 3  * * *
 4  * * *
 5  * * *
 6  * * *
 7  * * *
 8  * * *
 9  * * *
10  * * *
11  * * *
12  * * *
13  * * *
14  * * *
15  * * *
16  * * *
17  * * *
18  * * *
19  * * *
20  * * *
21  * * *
22  * * *
23  * * *
24  * * *
25  * * *
26  * * *
27  * * *
28  * * *
29  * * *
30  * * *


咬着后槽牙 也要把语言给学熟悉了







